#-----------------------------------------------------------
# Vivado v2025.2 (64-bit)
# SW Build 6299465 on Fri Nov 14 12:34:56 MST 2025
# IP Build 6300035 on Fri Nov 14 10:48:45 MST 2025
# SharedData Build 6298862 on Thu Nov 13 04:50:51 MST 2025
# Start of session at: Thu Jun  4 20:28:12 2026
# Process ID         : 3823
# Current directory  : /home/jkelley/Documents/Xilinx/zedboard_eth_test0/hardware/zedboard_eth_test0.runs/design_1_processing_system7_0_0_synth_1
# Command line       : vivado -log design_1_processing_system7_0_0.vds -product Vivado -mode batch -messageDb vivado.pb -notrace -source design_1_processing_system7_0_0.tcl
# Log file           : /home/jkelley/Documents/Xilinx/zedboard_eth_test0/hardware/zedboard_eth_test0.runs/design_1_processing_system7_0_0_synth_1/design_1_processing_system7_0_0.vds
# Journal file       : /home/jkelley/Documents/Xilinx/zedboard_eth_test0/hardware/zedboard_eth_test0.runs/design_1_processing_system7_0_0_synth_1/vivado.jou
# Running On         : jkelleylaptop
# Platform           : Linuxmint
# Operating System   : Linux Mint 22.3
# Processor Detail   : 11th Gen Intel(R) Core(TM) i7-11800H @ 2.30GHz
# CPU Frequency      : 3960.994 MHz
# CPU Physical cores : 8
# CPU Logical cores  : 16
# Host memory        : 16453 MB
# Swap memory        : 2147 MB
# Total Virtual      : 18600 MB
# Available Virtual  : 15101 MB
#-----------------------------------------------------------
source design_1_processing_system7_0_0.tcl -notrace
